../Core/Src/main.c:70:6:HAL_TIM_PeriodElapsedCallback	16	static
../Core/Src/main.c:83:6:HAL_GPIO_EXTI_Callback	16	static
../Core/Src/main.c:94:6:EnableDisplay	8	static
../Core/Src/main.c:98:6:DisableDisplay	8	static
../Core/Src/main.c:102:6:LatchEnable	8	static
../Core/Src/main.c:109:6:Send7seg	16	static
../Core/Src/main.c:125:5:main	40	static
../Core/Src/main.c:196:6:SystemClock_Config	88	static
../Core/Src/main.c:243:13:MX_SPI3_Init	8	static
../Core/Src/main.c:281:13:MX_TIM4_Init	32	static
../Core/Src/main.c:326:13:MX_TIM10_Init	8	static
../Core/Src/main.c:357:13:MX_USART2_UART_Init	8	static
../Core/Src/main.c:390:13:MX_GPIO_Init	48	static
../Core/Src/main.c:457:9:wrap_platform_read	24	static
../Core/Src/main.c:465:9:wrap_platform_write	24	static
../Core/Src/main.c:472:13:MEMS_Init	56	static
../Core/Src/main.c:507:5:_write	24	static
../Core/Src/main.c:518:6:Error_Handler	4	static,ignoring_inline_asm
