../Core/Src/main.c:66:6:HAL_TIM_PeriodElapsedCallback	16	static
../Core/Src/main.c:79:6:HAL_GPIO_EXTI_Callback	16	static
../Core/Src/main.c:90:6:EnableDisplay	8	static
../Core/Src/main.c:94:6:DisableDisplay	8	static
../Core/Src/main.c:98:6:LatchEnable	8	static
../Core/Src/main.c:105:6:Send7seg	16	static
../Core/Src/main.c:119:5:main	8	static
../Core/Src/main.c:177:6:SystemClock_Config	88	static
../Core/Src/main.c:232:13:MX_SPI3_Init	8	static
../Core/Src/main.c:270:13:MX_TIM4_Init	32	static
../Core/Src/main.c:315:13:MX_TIM10_Init	8	static
../Core/Src/main.c:346:13:MX_GPIO_Init	48	static
../Core/Src/main.c:414:9:wrap_platform_read	16	static
../Core/Src/main.c:421:9:wrap_platform_write	16	static
../Core/Src/main.c:427:13:MEMS_Init	48	static
../Core/Src/main.c:467:6:Error_Handler	4	static,ignoring_inline_asm
